Microchip MPLAB XC8 Compiler V2.05 ()

Linker command line:

-W-3 --edf=C:\Program Files (x86)\Microchip\xc8\v2.05\pic\dat\en_msgs.txt \
  -cs -h+dist/default/production\LAB5_MASTER.X.production.sym \
  --cmf=dist/default/production\LAB5_MASTER.X.production.cmf -z -Q16F887 \
  -oC:\Users\jotas\AppData\Local\Temp\sa5g.2 --defsym=__MPLAB_BUILD=1 \
  -Mdist/default/production/LAB5_MASTER.X.production.map -E1 -ver=XC8 \
  --acfsm=1493 -ASTACK=0110h-016Fh -pstack=STACK -ACODE=00h-07FFhx4 \
  -ASTRCODE=00h-01FFFh -ASTRING=00h-0FFhx32 -ACONST=00h-0FFhx32 \
  -AENTRY=00h-0FFhx32 -ACOMMON=070h-07Fh -ABANK0=020h-06Fh \
  -ABANK1=0A0h-0EFh -ABANK2=0110h-016Fh -ABANK3=0190h-01EFh \
  -ARAM=020h-06Fh,0A0h-0EFh,0110h-016Fh,0190h-01EFh \
  -AABS1=020h-07Fh,0A0h-0EFh,0110h-016Fh,0190h-01EFh -ASFR0=00h-01Fh \
  -ASFR1=080h-09Fh -ASFR2=0100h-010Fh -ASFR3=0180h-018Fh \
  -preset_vec=00h,intentry,init,end_init -ppowerup=CODE -pcinit=CODE \
  -pfunctab=ENTRY -ACONFIG=02007h-02008h -pconfig=CONFIG -DCONFIG=2 \
  -AIDLOC=02000h-02003h -pidloc=IDLOC -DIDLOC=2 -AEEDATA=00h-0FFh/02100h \
  -peeprom_data=EEDATA -DEEDATA=2 -DCODE=2 -DSTRCODE=2 -DSTRING=2 -DCONST=2 \
  -DENTRY=2 -k C:\Users\jotas\AppData\Local\Temp\sa5g.o \
  dist/default/production\LAB5_MASTER.X.production.o 

Object code version is 3.11

Machine type is 16F887



                Name                               Link     Load   Length Selector   Space Scale
C:\Users\jotas\AppData\Local\Temp\sa5g.o
                end_init                              0        0        3        0       0
                config                             2007     2007        2     400E       0
dist/default/production\LAB5_MASTER.X.production.o
                cinit                               7E8      7E8       18      FD0       0
                text19                              435      435       5E      86A       0
                text18                              361      361       36      6C2       0
                text17                              332      332       2F      664       0
                text16                              2DA      2DA       2C      5B4       0
                text15                              261      261        F      4C2       0
                text14                              2B8      2B8       22      570       0
                text13                              281      281       16      502       0
                text12                              4F6      4F6       67      9EC       0
                text11                              258      258        9      4B0       0
                text10                              306      306       2C      60C       0
                text9                               232      232        7      464       0
                text8                               239      239        7      472       0
                text7                               240      240        8      480       0
                text6                               397      397       43      72E       0
                text5                               297      297       21      52E       0
                text4                               5E2      5E2       9E      BC4       0
                text3                               3DA      3DA       5B      7B4       0
                text2                               55D      55D       85      ABA       0
                text1                               493      493       63      926       0
                maintext                            680      680      168      D00       0
                cstackBANK0                          20       20       18       20       1
                cstackCOMMON                         70       70        E       70       1
                clrtext                             248      248        8      490       0
                inittext                            270      270       11      4E0       0
                dataBANK0                            4E       4E        8       20       1
                bssBANK0                             38       38       16       20       1
                strings                               3        3       18        6       0
                idataBANK0                          250      250        8      4A0       0

TOTAL           Name                               Link     Load   Length     Space
        CLASS   STACK          

        CLASS   CODE           
                end_init                              0        0        3         0
                cinit                               7E8      7E8       18         0
                text19                              435      435       5E         0
                text18                              361      361       36         0
                text17                              332      332       2F         0
                text16                              2DA      2DA       2C         0
                text15                              261      261        F         0
                text14                              2B8      2B8       22         0
                text13                              281      281       16         0
                text12                              4F6      4F6       67         0
                text11                              258      258        9         0
                text10                              306      306       2C         0
                text9                               232      232        7         0
                text8                               239      239        7         0
                text7                               240      240        8         0
                text6                               397      397       43         0
                text5                               297      297       21         0
                text4                               5E2      5E2       9E         0
                text3                               3DA      3DA       5B         0
                text2                               55D      55D       85         0
                text1                               493      493       63         0
                maintext                            680      680      168         0
                clrtext                             248      248        8         0
                inittext                            270      270       11         0
                idataBANK0                          250      250        8         0

        CLASS   STRCODE        

        CLASS   STRING         
                strings                               3        3       18         0

        CLASS   CONST          

        CLASS   ENTRY          

        CLASS   COMMON         
                cstackCOMMON                         70       70        E         1

        CLASS   BANK0          
                cstackBANK0                          20       20       18         1
                dataBANK0                            4E       4E        8         1
                bssBANK0                             38       38       16         1

        CLASS   BANK1          

        CLASS   BANK2          

        CLASS   BANK3          

        CLASS   RAM            

        CLASS   ABS1           
                abs_s1                               7E       7E        2         1

        CLASS   SFR0           

        CLASS   SFR1           

        CLASS   SFR2           

        CLASS   SFR3           

        CLASS   CONFIG         
                config                             2007     2007        2         0

        CLASS   IDLOC          

        CLASS   EEDATA         



SEGMENTS        Name                           Load    Length   Top    Selector   Space  Class     Delta

                reset_vec                      000000  000003  000003         0       0  CODE        2
                strings                        000003  000018  00001B         6       0  STRING      2
                cstackBANK0                    000020  000036  000056        20       1  BANK0       1
                cstackCOMMON                   000070  00000E  00007E        70       1  COMMON      1
                text9                          000232  000007  000239       464       0  CODE        2
                text8                          000239  000007  000240       472       0  CODE        2
                text7                          000240  000008  000248       480       0  CODE        2
                clrtext                        000248  000008  000250       490       0  CODE        2
                idataBANK0                     000250  000008  000258       4A0       0  CODE        2
                text11                         000258  000009  000261       4B0       0  CODE        2
                text15                         000261  00000F  000270       4C2       0  CODE        2
                inittext                       000270  000011  000281       4E0       0  CODE        2
                text13                         000281  000016  000297       502       0  CODE        2
                text5                          000297  000021  0002B8       52E       0  CODE        2
                text14                         0002B8  000022  0002DA       570       0  CODE        2
                text16                         0002DA  00002C  000306       5B4       0  CODE        2
                text10                         000306  00002C  000332       60C       0  CODE        2
                text17                         000332  00002F  000361       664       0  CODE        2
                text18                         000361  000036  000397       6C2       0  CODE        2
                text6                          000397  000043  0003DA       72E       0  CODE        2
                text3                          0003DA  00005B  000435       7B4       0  CODE        2
                text19                         000435  00005E  000493       86A       0  CODE        2
                text1                          000493  000063  0004F6       926       0  CODE        2
                text12                         0004F6  000067  00055D       9EC       0  CODE        2
                text2                          00055D  000085  0005E2       ABA       0  CODE        2
                text4                          0005E2  00009E  000680       BC4       0  CODE        2
                maintext                       000680  000168  0007E8       D00       0  CODE        2
                cinit                          0007E8  000018  000800       FD0       0  CODE        2
                config                         002007  000002  002009      400E       0  CONFIG      2


UNUSED ADDRESS RANGES

        Name                Unused          Largest block    Delta
        BANK0            0056-006F             1A           1
        BANK1            00A0-00EF             50           1
        BANK2            0110-016F             60           1
        BANK3            0190-01EF             60           1
        CODE             001B-0231            217           2
                         0800-1FFF            800
        CONST            001B-0231            100           2
                         0800-1FFF            100
        EEDATA           2100-21FF            100           2
        ENTRY            001B-0231            100           2
                         0800-1FFF            100
        IDLOC            2000-2003              4           2
        RAM              0056-006F             1A           1
                         00A0-00EF             50
                         0110-016F             60
                         0190-01EF             60
        SFR0             0000-001F             20           1
        SFR1             0080-009F             20           1
        SFR2             0100-010F             10           1
        SFR3             0180-018F             10           1
        STACK            0110-016F             60           1
        STRCODE          001B-0231            217           2
                         0800-1FFF           1800
        STRING           001B-0231            100           2
                         0800-1FFF            100

                                  Symbol Table

?_I2C_Master_Read             cstackCOMMON 0070
?___awdiv                     cstackCOMMON 0076
?___lldiv                     cstackCOMMON 0070
?___wmul                      cstackCOMMON 0070
I2C_Master_Init@c             cstackBANK0  0020
I2C_Master_Read@a             cstackCOMMON 0070
I2C_Master_Read@temp          cstackCOMMON 0074
I2C_Master_Write@d            cstackCOMMON 0070
LCD_Cmd@comando               cstackCOMMON 0072
LCD_Set_Cursor@columna        cstackCOMMON 0073
LCD_Set_Cursor@corrimiento    cstackCOMMON 0077
LCD_Set_Cursor@linea          cstackCOMMON 0076
LCD_Write_Character@caracter  cstackCOMMON 0071
LCD_Write_String@a            cstackCOMMON 0074
LCD_Write_String@n            cstackCOMMON 0072
_GIE                          (abs)        005F
_I2C_Master_Init              text18       0361
_I2C_Master_Read              text10       0306
_I2C_Master_Start             text9        0232
_I2C_Master_Stop              text8        0239
_I2C_Master_Wait              text11       0258
_I2C_Master_Write             text7        0240
_LCD_Cmd                      text17       0332
_LCD_Set_Cursor               text16       02DA
_LCD_Write_Character          text15       0261
_LCD_Write_String             text14       02B8
_LCD_clear                    text13       0281
_LCD_init                     text12       04F6
_PEIE                         (abs)        005E
_PORTCbits                    (abs)        0007
_PORTD                        (abs)        0008
_SSPADD                       (abs)        0093
_SSPBUF                       (abs)        0013
_SSPCON                       (abs)        0014
_SSPCON2                      (abs)        0091
_SSPCON2bits                  (abs)        0091
_SSPIE                        (abs)        0463
_SSPIF                        (abs)        0063
_SSPSTAT                      (abs)        0094
_TRISC0                       (abs)        0438
_TRISC1                       (abs)        0439
_TRISC3                       (abs)        043B
_TRISC4                       (abs)        043C
_TRISCbits                    (abs)        0087
_TRISD                        (abs)        0088
__CFG_BOR4V$BOR40V            (abs)        0000
__CFG_BOREN$OFF               (abs)        0000
__CFG_CP$OFF                  (abs)        0000
__CFG_CPD$OFF                 (abs)        0000
__CFG_FCMEN$OFF               (abs)        0000
__CFG_FOSC$INTRC_NOCLKOUT     (abs)        0000
__CFG_IESO$OFF                (abs)        0000
__CFG_LVP$OFF                 (abs)        0000
__CFG_MCLRE$OFF               (abs)        0000
__CFG_PWRTE$OFF               (abs)        0000
__CFG_WDTE$OFF                (abs)        0000
__CFG_WRT$OFF                 (abs)        0000
__Habs1                       abs1         0000
__Hbank0                      bank0        0000
__Hbank1                      bank1        0000
__Hbank2                      bank2        0000
__Hbank3                      bank3        0000
__HbssBANK0                   bssBANK0     0000
__Hcinit                      cinit        0800
__Hclrtext                    clrtext      0000
__Hcode                       code         0000
__Hcommon                     common       0000
__Hconfig                     config       2009
__HcstackBANK0                cstackBANK0  0000
__HcstackCOMMON               cstackCOMMON 0000
__HdataBANK0                  dataBANK0    0000
__Heeprom_data                eeprom_data  0000
__Hend_init                   end_init     0003
__Hfunctab                    functab      0000
__HidataBANK0                 idataBANK0   0000
__Hidloc                      idloc        0000
__Hinit                       init         0000
__Hinittext                   inittext     0000
__Hintentry                   intentry     0000
__Hmaintext                   maintext     0000
__Hpowerup                    powerup      0000
__Hram                        ram          0000
__Hreset_vec                  reset_vec    0000
__Hsfr0                       sfr0         0000
__Hsfr1                       sfr1         0000
__Hsfr2                       sfr2         0000
__Hsfr3                       sfr3         0000
__Hspace_0                    (abs)        2009
__Hspace_1                    (abs)        007E
__Hspace_2                    (abs)        0000
__Hspace_3                    (abs)        0000
__Hstack                      stack        0000
__Hstrings                    strings      0000
__Htext                       text         0000
__Labs1                       abs1         0000
__Lbank0                      bank0        0000
__Lbank1                      bank1        0000
__Lbank2                      bank2        0000
__Lbank3                      bank3        0000
__LbssBANK0                   bssBANK0     0000
__Lcinit                      cinit        07E8
__Lclrtext                    clrtext      0000
__Lcode                       code         0000
__Lcommon                     common       0000
__Lconfig                     config       2007
__LcstackBANK0                cstackBANK0  0000
__LcstackCOMMON               cstackCOMMON 0000
__LdataBANK0                  dataBANK0    0000
__Leeprom_data                eeprom_data  0000
__Lend_init                   end_init     0000
__Lfunctab                    functab      0000
__LidataBANK0                 idataBANK0   0000
__Lidloc                      idloc        0000
__Linit                       init         0000
__Linittext                   inittext     0000
__Lintentry                   intentry     0000
__Lmaintext                   maintext     0000
__Lpowerup                    powerup      0000
__Lram                        ram          0000
__Lreset_vec                  reset_vec    0000
__Lsfr0                       sfr0         0000
__Lsfr1                       sfr1         0000
__Lsfr2                       sfr2         0000
__Lsfr3                       sfr3         0000
__Lspace_0                    (abs)        0000
__Lspace_1                    (abs)        0000
__Lspace_2                    (abs)        0000
__Lspace_3                    (abs)        0000
__Lstack                      stack        0000
__Lstrings                    strings      0000
__Ltext                       text         0000
__S0                          (abs)        2009
__S1                          (abs)        007E
__S2                          (abs)        0000
__S3                          (abs)        0000
___awdiv                      text3        03DA
___awdiv@counter              cstackBANK0  0020
___awdiv@dividend             cstackCOMMON 0078
___awdiv@divisor              cstackCOMMON 0076
___awdiv@quotient             cstackBANK0  0022
___awdiv@sign                 cstackBANK0  0021
___int_sp                     stack        0000
___latbits                    (abs)        0002
___lldiv                      text19       0435
___lldiv@counter              cstackCOMMON 007D
___lldiv@dividend             cstackCOMMON 0074
___lldiv@divisor              cstackCOMMON 0070
___lldiv@quotient             cstackCOMMON 0079
___sp                         stack        0000
___stackhi                    (abs)        0000
___stacklo                    (abs)        0000
___wmul                       text5        0297
___wmul@multiplicand          cstackCOMMON 0072
___wmul@multiplier            cstackCOMMON 0070
___wmul@product               cstackCOMMON 0074
__end_of_I2C_Master_Init      text18       0397
__end_of_I2C_Master_Read      text10       0332
__end_of_I2C_Master_Start     text9        0239
__end_of_I2C_Master_Stop      text8        0240
__end_of_I2C_Master_Wait      text11       0261
__end_of_I2C_Master_Write     text7        0248
__end_of_LCD_Cmd              text17       0361
__end_of_LCD_Set_Cursor       text16       0306
__end_of_LCD_Write_Character  text15       0270
__end_of_LCD_Write_String     text14       02DA
__end_of_LCD_clear            text13       0297
__end_of_LCD_init             text12       055D
__end_of___awdiv              text3        0435
__end_of___lldiv              text19       0493
__end_of___wmul               text5        02B8
__end_of__initialization      cinit        07FC
__end_of__stringtab           strings      0009
__end_of_get_Temp             text6        03DA
__end_of_main                 maintext     07E8
__end_of_mapear               text4        0680
__end_of_uint_to_array        text2        05E2
__end_of_uint_to_char         text1        04F6
__initialization              cinit        07E8
__pbssBANK0                   bssBANK0     0038
__pcstackBANK0                cstackBANK0  0020
__pcstackCOMMON               cstackCOMMON 0070
__pdataBANK0                  dataBANK0    004E
__pidataBANK0                 idataBANK0   0250
__pmaintext                   maintext     0680
__pstrings                    strings      0003
__ptext1                      text1        0493
__ptext10                     text10       0306
__ptext11                     text11       0258
__ptext12                     text12       04F6
__ptext13                     text13       0281
__ptext14                     text14       02B8
__ptext15                     text15       0261
__ptext16                     text16       02DA
__ptext17                     text17       0332
__ptext18                     text18       0361
__ptext19                     text19       0435
__ptext2                      text2        055D
__ptext3                      text3        03DA
__ptext4                      text4        05E2
__ptext5                      text5        0297
__ptext6                      text6        0397
__ptext7                      text7        0240
__ptext8                      text8        0239
__ptext9                      text9        0232
__size_of_I2C_Master_Init     (abs)        0000
__size_of_I2C_Master_Read     (abs)        0000
__size_of_I2C_Master_Start    (abs)        0000
__size_of_I2C_Master_Stop     (abs)        0000
__size_of_I2C_Master_Wait     (abs)        0000
__size_of_I2C_Master_Write    (abs)        0000
__size_of_LCD_Cmd             (abs)        0000
__size_of_LCD_Set_Cursor      (abs)        0000
__size_of_LCD_Write_Character (abs)        0000
__size_of_LCD_Write_String    (abs)        0000
__size_of_LCD_clear           (abs)        0000
__size_of_LCD_init            (abs)        0000
__size_of___awdiv             (abs)        0000
__size_of___lldiv             (abs)        0000
__size_of___wmul              (abs)        0000
__size_of_get_Temp            (abs)        0000
__size_of_main                (abs)        0000
__size_of_mapear              (abs)        0000
__size_of_uint_to_array       (abs)        0000
__size_of_uint_to_char        (abs)        0000
__stringbase                  strings      0008
__stringtab                   strings      0003
_contador                     bssBANK0     004C
_datum                        dataBANK0    0052
_dia                          dataBANK0    0054
_get_Temp                     text6        0397
_hora                         bssBANK0     0044
_jahr                         dataBANK0    004E
_main                         maintext     0680
_mapear                       text4        05E2
_mes                          dataBANK0    0050
_min                          bssBANK0     0046
_seg                          bssBANK0     0048
_temp_array                   bssBANK0     004A
_uint_to_array                text2        055D
_uint_to_char                 text1        0493
_valorADC                     bssBANK0     004D
_voltaje_map                  bssBANK0     004B
btemp                         (abs)        007E
clear_ram0                    clrtext      0248
end_of_initialization         cinit        07FC
get_Temp@TempMSB              cstackCOMMON 0078
init_fetch0                   inittext     0270
init_ram0                     inittext     0274
intlevel0                     functab      0000
intlevel1                     functab      0000
intlevel2                     functab      0000
intlevel3                     functab      0000
intlevel4                     functab      0000
intlevel5                     functab      0000
main@signo                    cstackBANK0  0036
main@temperatura              cstackBANK0  0037
mapear@dividendo              cstackBANK0  0027
mapear@limReal                cstackCOMMON 0076
mapear@limSup                 cstackCOMMON 0077
mapear@resultado              cstackBANK0  0021
mapear@valor                  cstackBANK0  0020
reset_vec                     reset_vec    0000
start                         init         0000
start_initialization          cinit        07E8
uint_to_array@centenas        cstackBANK0  0031
uint_to_array@decenas         cstackBANK0  002A
uint_to_array@numero          cstackBANK0  0032
uint_to_array@resultado       cstackBANK0  002B
uint_to_char@numChr           cstackCOMMON 0073
uint_to_char@numero           cstackCOMMON 0072
wtemp0                        (abs)        007E


FUNCTION INFORMATION:

 *************** function _main *****************
 Defined at:
		line 49 in file "Master_main.c"
 Parameters:    Size  Location     Type
		None
 Auto vars:     Size  Location     Type
  temperatura     1   23[BANK0 ] unsigned char 
  signo           1   22[BANK0 ] unsigned char 
 Return value:  Size  Location     Type
                  1    wreg      void 
 Registers used:
		wreg, fsr0l, fsr0h, status,2, status,0, btemp+1, pclath, cstack
 Tracked objects:
		On entry : 
		On exit  : 
		Unchanged: 
 Data sizes:     COMMON   BANK0   BANK1   BANK3   BANK2
      Params:         0       0       0       0       0
      Locals:         0       2       0       0       0
      Temps:          0       3       0       0       0
      Totals:         0       5       0       0       0
Total ram usage:        5 bytes
 Hardware stack levels required when called:    3
 This function calls:
		_I2C_Master_Init
		_I2C_Master_Read
		_I2C_Master_Start
		_I2C_Master_Stop
		_I2C_Master_Write
		_LCD_Set_Cursor
		_LCD_Write_Character
		_LCD_Write_String
		_LCD_clear
		_LCD_init
		_get_Temp
		_mapear
		_uint_to_array
		_uint_to_char
 This function is called by:
		Startup code after reset
 This function uses a non-reentrant model


 *************** function _uint_to_char *****************
 Defined at:
		line 116 in file "LCD_8bits.c"
 Parameters:    Size  Location     Type
  numero          1    wreg     unsigned char 
 Auto vars:     Size  Location     Type
  numero          1    2[COMMON] unsigned char 
  numChr          1    3[COMMON] unsigned char 
 Return value:  Size  Location     Type
                  1    wreg      unsigned char 
 Registers used:
		wreg, fsr0l, fsr0h, status,2, status,0
 Tracked objects:
		On entry : 
		On exit  : 
		Unchanged: 
 Data sizes:     COMMON   BANK0   BANK1   BANK3   BANK2
      Params:         0       0       0       0       0
      Locals:         2       0       0       0       0
      Temps:          2       0       0       0       0
      Totals:         4       0       0       0       0
Total ram usage:        4 bytes
 Hardware stack levels used:    1
 This function calls:
		Nothing
 This function is called by:
		_main
 This function uses a non-reentrant model


 *************** function _uint_to_array *****************
 Defined at:
		line 173 in file "LCD_8bits.c"
 Parameters:    Size  Location     Type
  numero          1    wreg     unsigned char 
 Auto vars:     Size  Location     Type
  numero          1   18[BANK0 ] unsigned char 
  resultado       6   11[BANK0 ] unsigned int [3]
  centenas        1   17[BANK0 ] unsigned char 
  decenas         1   10[BANK0 ] unsigned char 
 Return value:  Size  Location     Type
                  1    wreg      PTR unsigned int 
 Registers used:
		wreg, fsr0l, fsr0h, status,2, status,0, btemp+1, pclath, cstack
 Tracked objects:
		On entry : 
		On exit  : 
		Unchanged: 
 Data sizes:     COMMON   BANK0   BANK1   BANK3   BANK2
      Params:         0       0       0       0       0
      Locals:         0       9       0       0       0
      Temps:          0       6       0       0       0
      Totals:         0      15       0       0       0
Total ram usage:       15 bytes
 Hardware stack levels used:    1
 Hardware stack levels required when called:    1
 This function calls:
		___awdiv
		___wmul
 This function is called by:
		_main
 This function uses a non-reentrant model


 *************** function ___awdiv *****************
 Defined at:
		line 5 in file "C:\Program Files (x86)\Microchip\xc8\v2.05\pic\sources\c90\common\awdiv.c"
 Parameters:    Size  Location     Type
  divisor         2    6[COMMON] int 
  dividend        2    8[COMMON] int 
 Auto vars:     Size  Location     Type
  quotient        2    2[BANK0 ] int 
  sign            1    1[BANK0 ] unsigned char 
  counter         1    0[BANK0 ] unsigned char 
 Return value:  Size  Location     Type
                  2    6[COMMON] int 
 Registers used:
		wreg, status,2, status,0
 Tracked objects:
		On entry : 
		On exit  : 
		Unchanged: 
 Data sizes:     COMMON   BANK0   BANK1   BANK3   BANK2
      Params:         4       0       0       0       0
      Locals:         0       4       0       0       0
      Temps:          1       0       0       0       0
      Totals:         5       4       0       0       0
Total ram usage:        9 bytes
 Hardware stack levels used:    1
 This function calls:
		Nothing
 This function is called by:
		_uint_to_array
		_display_Uhrzeit
		_DEC_a_BCD
 This function uses a non-reentrant model


 *************** function _mapear *****************
 Defined at:
		line 112 in file "Master_main.c"
 Parameters:    Size  Location     Type
  valor           1    wreg     unsigned char 
  limReal         1    6[COMMON] unsigned char 
  limSup          1    7[COMMON] unsigned char 
 Auto vars:     Size  Location     Type
  valor           1    0[BANK0 ] unsigned char 
  resultado       6    1[BANK0 ] unsigned int [3]
  dividendo       2    7[BANK0 ] unsigned int 
 Return value:  Size  Location     Type
                  1    wreg      PTR unsigned int 
 Registers used:
		wreg, fsr0l, fsr0h, status,2, status,0, btemp+1, pclath, cstack
 Tracked objects:
		On entry : 
		On exit  : 
		Unchanged: 
 Data sizes:     COMMON   BANK0   BANK1   BANK3   BANK2
      Params:         2       0       0       0       0
      Locals:         0       9       0       0       0
      Temps:          4       0       0       0       0
      Totals:         6       9       0       0       0
Total ram usage:       15 bytes
 Hardware stack levels used:    1
 Hardware stack levels required when called:    1
 This function calls:
		___wmul
 This function is called by:
		_main
 This function uses a non-reentrant model


 *************** function ___wmul *****************
 Defined at:
		line 15 in file "C:\Program Files (x86)\Microchip\xc8\v2.05\pic\sources\c90\common\Umul16.c"
 Parameters:    Size  Location     Type
  multiplier      2    0[COMMON] unsigned int 
  multiplicand    2    2[COMMON] unsigned int 
 Auto vars:     Size  Location     Type
  product         2    4[COMMON] unsigned int 
 Return value:  Size  Location     Type
                  2    0[COMMON] unsigned int 
 Registers used:
		wreg, status,2, status,0
 Tracked objects:
		On entry : 
		On exit  : 
		Unchanged: 
 Data sizes:     COMMON   BANK0   BANK1   BANK3   BANK2
      Params:         4       0       0       0       0
      Locals:         2       0       0       0       0
      Temps:          0       0       0       0       0
      Totals:         6       0       0       0       0
Total ram usage:        6 bytes
 Hardware stack levels used:    1
 This function calls:
		Nothing
 This function is called by:
		_uint_to_array
		_mapear
		_BCD_a_DEC
 This function uses a non-reentrant model


 *************** function _get_Temp *****************
 Defined at:
		line 73 in file "RTC.c"
 Parameters:    Size  Location     Type
		None
 Auto vars:     Size  Location     Type
  TempMSB         1    8[COMMON] unsigned char 
  Temp_LSB        1    0        unsigned char 
 Return value:  Size  Location     Type
                  1    wreg      unsigned char 
 Registers used:
		wreg, status,2, status,0, pclath, cstack
 Tracked objects:
		On entry : 
		On exit  : 
		Unchanged: 
 Data sizes:     COMMON   BANK0   BANK1   BANK3   BANK2
      Params:         0       0       0       0       0
      Locals:         2       0       0       0       0
      Temps:          1       0       0       0       0
      Totals:         3       0       0       0       0
Total ram usage:        3 bytes
 Hardware stack levels used:    1
 Hardware stack levels required when called:    2
 This function calls:
		_I2C_Master_Read
		_I2C_Master_Start
		_I2C_Master_Stop
		_I2C_Master_Write
 This function is called by:
		_main
 This function uses a non-reentrant model


 *************** function _I2C_Master_Write *****************
 Defined at:
		line 65 in file "I2C.c"
 Parameters:    Size  Location     Type
  d               2    0[COMMON] unsigned int 
 Auto vars:     Size  Location     Type
		None
 Return value:  Size  Location     Type
                  1    wreg      void 
 Registers used:
		wreg, status,2, status,0, pclath, cstack
 Tracked objects:
		On entry : 
		On exit  : 
		Unchanged: 
 Data sizes:     COMMON   BANK0   BANK1   BANK3   BANK2
      Params:         2       0       0       0       0
      Locals:         0       0       0       0       0
      Temps:          0       0       0       0       0
      Totals:         2       0       0       0       0
Total ram usage:        2 bytes
 Hardware stack levels used:    1
 Hardware stack levels required when called:    1
 This function calls:
		_I2C_Master_Wait
 This function is called by:
		_main
		_get_Temp
		_Zeit_Datum_Set
		_get_Time
 This function uses a non-reentrant model


 *************** function _I2C_Master_Stop *****************
 Defined at:
		line 55 in file "I2C.c"
 Parameters:    Size  Location     Type
		None
 Auto vars:     Size  Location     Type
		None
 Return value:  Size  Location     Type
                  1    wreg      void 
 Registers used:
		wreg, status,2, status,0, pclath, cstack
 Tracked objects:
		On entry : 
		On exit  : 
		Unchanged: 
 Data sizes:     COMMON   BANK0   BANK1   BANK3   BANK2
      Params:         0       0       0       0       0
      Locals:         0       0       0       0       0
      Temps:          0       0       0       0       0
      Totals:         0       0       0       0       0
Total ram usage:        0 bytes
 Hardware stack levels used:    1
 Hardware stack levels required when called:    1
 This function calls:
		_I2C_Master_Wait
 This function is called by:
		_main
		_get_Temp
		_Zeit_Datum_Set
		_get_Time
 This function uses a non-reentrant model


 *************** function _I2C_Master_Start *****************
 Defined at:
		line 39 in file "I2C.c"
 Parameters:    Size  Location     Type
		None
 Auto vars:     Size  Location     Type
		None
 Return value:  Size  Location     Type
                  1    wreg      void 
 Registers used:
		wreg, status,2, status,0, pclath, cstack
 Tracked objects:
		On entry : 
		On exit  : 
		Unchanged: 
 Data sizes:     COMMON   BANK0   BANK1   BANK3   BANK2
      Params:         0       0       0       0       0
      Locals:         0       0       0       0       0
      Temps:          0       0       0       0       0
      Totals:         0       0       0       0       0
Total ram usage:        0 bytes
 Hardware stack levels used:    1
 Hardware stack levels required when called:    1
 This function calls:
		_I2C_Master_Wait
 This function is called by:
		_main
		_get_Temp
		_Zeit_Datum_Set
		_get_Time
 This function uses a non-reentrant model


 *************** function _I2C_Master_Read *****************
 Defined at:
		line 74 in file "I2C.c"
 Parameters:    Size  Location     Type
  a               2    0[COMMON] unsigned short 
 Auto vars:     Size  Location     Type
  temp            2    4[COMMON] unsigned short 
 Return value:  Size  Location     Type
                  2    0[COMMON] unsigned short 
 Registers used:
		wreg, status,2, status,0, pclath, cstack
 Tracked objects:
		On entry : 
		On exit  : 
		Unchanged: 
 Data sizes:     COMMON   BANK0   BANK1   BANK3   BANK2
      Params:         2       0       0       0       0
      Locals:         2       0       0       0       0
      Temps:          2       0       0       0       0
      Totals:         6       0       0       0       0
Total ram usage:        6 bytes
 Hardware stack levels used:    1
 Hardware stack levels required when called:    1
 This function calls:
		_I2C_Master_Wait
 This function is called by:
		_main
		_get_Temp
		_get_Time
 This function uses a non-reentrant model


 *************** function _I2C_Master_Wait *****************
 Defined at:
		line 32 in file "I2C.c"
 Parameters:    Size  Location     Type
		None
 Auto vars:     Size  Location     Type
		None
 Return value:  Size  Location     Type
                  1    wreg      void 
 Registers used:
		wreg, status,2
 Tracked objects:
		On entry : 
		On exit  : 
		Unchanged: 
 Data sizes:     COMMON   BANK0   BANK1   BANK3   BANK2
      Params:         0       0       0       0       0
      Locals:         0       0       0       0       0
      Temps:          0       0       0       0       0
      Totals:         0       0       0       0       0
Total ram usage:        0 bytes
 Hardware stack levels used:    1
 This function calls:
		Nothing
 This function is called by:
		_I2C_Master_Start
		_I2C_Master_Stop
		_I2C_Master_Write
		_I2C_Master_Read
		_I2C_Master_RepeatedStart
 This function uses a non-reentrant model


 *************** function _LCD_init *****************
 Defined at:
		line 44 in file "LCD_8bits.c"
 Parameters:    Size  Location     Type
		None
 Auto vars:     Size  Location     Type
		None
 Return value:  Size  Location     Type
                  1    wreg      void 
 Registers used:
		wreg, status,2, status,0, pclath, cstack
 Tracked objects:
		On entry : 
		On exit  : 
		Unchanged: 
 Data sizes:     COMMON   BANK0   BANK1   BANK3   BANK2
      Params:         0       0       0       0       0
      Locals:         0       0       0       0       0
      Temps:          2       0       0       0       0
      Totals:         2       0       0       0       0
Total ram usage:        2 bytes
 Hardware stack levels used:    1
 Hardware stack levels required when called:    1
 This function calls:
		_LCD_Cmd
 This function is called by:
		_main
 This function uses a non-reentrant model


 *************** function _LCD_clear *****************
 Defined at:
		line 32 in file "LCD_8bits.c"
 Parameters:    Size  Location     Type
		None
 Auto vars:     Size  Location     Type
		None
 Return value:  Size  Location     Type
                  1    wreg      void 
 Registers used:
		wreg, status,2, status,0, pclath, cstack
 Tracked objects:
		On entry : 
		On exit  : 
		Unchanged: 
 Data sizes:     COMMON   BANK0   BANK1   BANK3   BANK2
      Params:         0       0       0       0       0
      Locals:         0       0       0       0       0
      Temps:          2       0       0       0       0
      Totals:         2       0       0       0       0
Total ram usage:        2 bytes
 Hardware stack levels used:    1
 Hardware stack levels required when called:    1
 This function calls:
		_LCD_Cmd
 This function is called by:
		_main
 This function uses a non-reentrant model


 *************** function _LCD_Write_String *****************
 Defined at:
		line 73 in file "LCD_8bits.c"
 Parameters:    Size  Location     Type
  a               1    wreg     PTR unsigned char 
		 -> STR_2(3), STR_1(15), 
 Auto vars:     Size  Location     Type
  a               1    4[COMMON] PTR unsigned char 
		 -> STR_2(3), STR_1(15), 
  n               2    2[COMMON] int 
 Return value:  Size  Location     Type
                  1    wreg      void 
 Registers used:
		wreg, fsr0l, fsr0h, status,2, status,0, pclath, cstack
 Tracked objects:
		On entry : 
		On exit  : 
		Unchanged: 
 Data sizes:     COMMON   BANK0   BANK1   BANK3   BANK2
      Params:         0       0       0       0       0
      Locals:         3       0       0       0       0
      Temps:          0       0       0       0       0
      Totals:         3       0       0       0       0
Total ram usage:        3 bytes
 Hardware stack levels used:    1
 Hardware stack levels required when called:    1
 This function calls:
		_LCD_Write_Character
 This function is called by:
		_main
 This function uses a non-reentrant model


 *************** function _LCD_Write_Character *****************
 Defined at:
		line 64 in file "LCD_8bits.c"
 Parameters:    Size  Location     Type
  caracter        1    wreg     unsigned char 
 Auto vars:     Size  Location     Type
  caracter        1    1[COMMON] unsigned char 
 Return value:  Size  Location     Type
                  1    wreg      void 
 Registers used:
		wreg
 Tracked objects:
		On entry : 
		On exit  : 
		Unchanged: 
 Data sizes:     COMMON   BANK0   BANK1   BANK3   BANK2
      Params:         0       0       0       0       0
      Locals:         1       0       0       0       0
      Temps:          1       0       0       0       0
      Totals:         2       0       0       0       0
Total ram usage:        2 bytes
 Hardware stack levels used:    1
 This function calls:
		Nothing
 This function is called by:
		_LCD_Write_String
		_main
		_display_Uhrzeit
 This function uses a non-reentrant model


 *************** function _LCD_Set_Cursor *****************
 Defined at:
		line 80 in file "LCD_8bits.c"
 Parameters:    Size  Location     Type
  linea           1    wreg     unsigned char 
  columna         1    3[COMMON] unsigned char 
 Auto vars:     Size  Location     Type
  linea           1    6[COMMON] unsigned char 
  corrimiento     1    7[COMMON] unsigned char 
 Return value:  Size  Location     Type
                  1    wreg      void 
 Registers used:
		wreg, fsr0l, fsr0h, status,2, status,0, pclath, cstack
 Tracked objects:
		On entry : 
		On exit  : 
		Unchanged: 
 Data sizes:     COMMON   BANK0   BANK1   BANK3   BANK2
      Params:         1       0       0       0       0
      Locals:         2       0       0       0       0
      Temps:          2       0       0       0       0
      Totals:         5       0       0       0       0
Total ram usage:        5 bytes
 Hardware stack levels used:    1
 Hardware stack levels required when called:    1
 This function calls:
		_LCD_Cmd
 This function is called by:
		_main
		_display_Uhrzeit
 This function uses a non-reentrant model


 *************** function _LCD_Cmd *****************
 Defined at:
		line 21 in file "LCD_8bits.c"
 Parameters:    Size  Location     Type
  comando         1    wreg     unsigned char 
 Auto vars:     Size  Location     Type
  comando         1    2[COMMON] unsigned char 
 Return value:  Size  Location     Type
                  1    wreg      void 
 Registers used:
		wreg
 Tracked objects:
		On entry : 
		On exit  : 
		Unchanged: 
 Data sizes:     COMMON   BANK0   BANK1   BANK3   BANK2
      Params:         0       0       0       0       0
      Locals:         1       0       0       0       0
      Temps:          2       0       0       0       0
      Totals:         3       0       0       0       0
Total ram usage:        3 bytes
 Hardware stack levels used:    1
 This function calls:
		Nothing
 This function is called by:
		_LCD_clear
		_LCD_init
		_LCD_Set_Cursor
		_LCD_home
		_LCD_Shift_links
		_LCD_Shift_rechts
		_LCD_Cursor_rechts
		_LCD_Cursor_links
 This function uses a non-reentrant model


 *************** function _I2C_Master_Init *****************
 Defined at:
		line 16 in file "I2C.c"
 Parameters:    Size  Location     Type
  c               4    0[BANK0 ] const unsigned long 
 Auto vars:     Size  Location     Type
		None
 Return value:  Size  Location     Type
                  1    wreg      void 
 Registers used:
		wreg, status,2, status,0, pclath, cstack
 Tracked objects:
		On entry : 
		On exit  : 
		Unchanged: 
 Data sizes:     COMMON   BANK0   BANK1   BANK3   BANK2
      Params:         0       4       0       0       0
      Locals:         0       0       0       0       0
      Temps:          0       4       0       0       0
      Totals:         0       8       0       0       0
Total ram usage:        8 bytes
 Hardware stack levels used:    1
 Hardware stack levels required when called:    1
 This function calls:
		___lldiv
 This function is called by:
		_main
 This function uses a non-reentrant model


 *************** function ___lldiv *****************
 Defined at:
		line 5 in file "C:\Program Files (x86)\Microchip\xc8\v2.05\pic\sources\c90\common\__lldiv.c"
 Parameters:    Size  Location     Type
  divisor         4    0[COMMON] unsigned long 
  dividend        4    4[COMMON] unsigned long 
 Auto vars:     Size  Location     Type
  quotient        4    9[COMMON] unsigned long 
  counter         1   13[COMMON] unsigned char 
 Return value:  Size  Location     Type
                  4    0[COMMON] unsigned long 
 Registers used:
		wreg, status,2, status,0
 Tracked objects:
		On entry : 
		On exit  : 
		Unchanged: 
 Data sizes:     COMMON   BANK0   BANK1   BANK3   BANK2
      Params:         8       0       0       0       0
      Locals:         5       0       0       0       0
      Temps:          1       0       0       0       0
      Totals:        14       0       0       0       0
Total ram usage:       14 bytes
 Hardware stack levels used:    1
 This function calls:
		Nothing
 This function is called by:
		_I2C_Master_Init
 This function uses a non-reentrant model



MODULE INFORMATION

Module		Function		Class		Link	Load	Size
I2C.c
		_I2C_Master_Read		CODE           	0306	0000	45
		_I2C_Master_Wait		CODE           	0258	0000	10
		_I2C_Master_Init		CODE           	0361	0000	55
		_I2C_Master_Stop		CODE           	0239	0000	8
		_I2C_Master_Write		CODE           	0240	0000	9
		_I2C_Master_Start		CODE           	0232	0000	8

I2C.c estimated size: 135

LCD_8bits.c
		_uint_to_array 		CODE           	055D	0000	134
		_LCD_clear     		CODE           	0281	0000	23
		_LCD_Write_Character		CODE           	0261	0000	16
		_LCD_Cmd       		CODE           	0332	0000	48
		_LCD_Set_Cursor		CODE           	02DA	0000	45
		_LCD_init      		CODE           	04F6	0000	104
		_uint_to_char  		CODE           	0493	0000	100
		_LCD_Write_String		CODE           	02B8	0000	35

LCD_8bits.c estimated size: 505

C:\Program Files (x86)\Microchip\xc8\v2.05\pic\sources\c90\common\Umul16.c
		___wmul        		CODE           	0297	0000	34

C:\Program Files (x86)\Microchip\xc8\v2.05\pic\sources\c90\common\Umul16.c estimated size: 34

Master_main.c
		_main          		CODE           	0680	0000	361
		_mapear        		CODE           	05E2	0000	159

Master_main.c estimated size: 520

C:\Program Files (x86)\Microchip\xc8\v2.05\pic\sources\c90\common\awdiv.c
		___awdiv       		CODE           	03DA	0000	92

C:\Program Files (x86)\Microchip\xc8\v2.05\pic\sources\c90\common\awdiv.c estimated size: 92

shared
		__stringtab    		STRING         	0003	0000	7
		__initialization		CODE           	07E8	0000	21

shared estimated size: 28

C:\Program Files (x86)\Microchip\xc8\v2.05\pic\sources\c90\common\__lldiv.c
		___lldiv       		CODE           	0435	0000	95

C:\Program Files (x86)\Microchip\xc8\v2.05\pic\sources\c90\common\__lldiv.c estimated size: 95

RTC.c
		_get_Temp      		CODE           	0397	0000	68

RTC.c estimated size: 68

